[2026-01-27 17:45:25] Starting Hostelworld monitoring...
[2026-01-27 17:45:25] Search dates: 2026-01-27 to 2026-01-28
[2026-01-27 17:45:25] Opening Hostelworld...
[32m✓[0m [1mHostels in Krabi » Find cheap, unique hostels » Hostelworld[0m
  [2mhttps://www.hostelworld.com/pwa/s?q=Krabi,%20Thailand&country=Thailand&city=Krabi&type=city&id=1124&from=2026-01-27&to=2026-01-28&guests=1&page=1[0m
[2026-01-27 17:45:27] Waiting for page load...
[2026-01-27 17:45:30] Changing currency to THB...
[32m✓[0m Done
[31m✗[0m locator.click: Unsupported token "@e188" while parsing css selector "@e188". Did you mean to CSS.escape it?
Call log:
  - waiting for @e188

[2026-01-27 17:45:35] Extracting hostel data...
[2026-01-27 17:45:35] Data saved to /home/desktop/clawd/logs/hostelworld/extracted-data.json
[2026-01-27 17:45:35] Closing browser...
[32m✓[0m Browser closed
[2026-01-27 17:45:35] Message prepared
[2026-01-27 17:45:35] Total hostels: 0
[2026-01-27 17:45:35] Nomads: Rank #N/A, THB N/A
[2026-01-27 17:45:35] Base: Rank #N/A, THB N/A
[2026-01-27 17:45:35] Message saved to /home/desktop/clawd/logs/hostelworld/message.txt
[2026-01-27 17:45:35] Message ready for delivery
[2026-01-27 17:45:35] ✓ Monitoring complete
[2026-01-27 17:45:54] Starting Hostelworld monitoring...
[2026-01-27 17:45:54] Search dates: 2026-01-31 to 2026-02-01
[2026-01-27 17:45:54] Opening Hostelworld...
[32m✓[0m [1mHostels in Krabi » Find cheap, unique hostels » Hostelworld[0m
  [2mhttps://www.hostelworld.com/pwa/s?q=Krabi,%20Thailand&country=Thailand&city=Krabi&type=city&id=1124&from=2026-01-31&to=2026-02-01&guests=1&page=1[0m
[2026-01-27 17:45:56] Waiting for page load...
[2026-01-27 17:45:59] Changing currency to THB...
[32m✓[0m Done
[31m✗[0m locator.click: Unsupported token "@e188" while parsing css selector "@e188". Did you mean to CSS.escape it?
Call log:
  - waiting for @e188

[2026-01-27 17:46:03] Extracting hostel data...
[2026-01-27 17:46:03] Data saved to /home/desktop/clawd/logs/hostelworld/extracted-data.json
[2026-01-27 17:46:03] Closing browser...
[32m✓[0m Browser closed
[2026-01-27 17:46:03] Message prepared
[2026-01-27 17:46:03] Total hostels: 0
[2026-01-27 17:46:03] Nomads: Rank #N/A, THB N/A
[2026-01-27 17:46:03] Base: Rank #N/A, THB N/A
[2026-01-27 17:46:03] Message saved to /home/desktop/clawd/logs/hostelworld/message.txt
[2026-01-27 17:46:03] Message ready for delivery
[2026-01-27 17:46:03] ✓ Monitoring complete
[2026-01-27 17:47:08] Starting Hostelworld monitoring...
[2026-01-27 17:47:08] Search dates: 2026-01-31 to 2026-02-01
[2026-01-27 17:47:08] Opening Hostelworld...
[32m✓[0m [1mHostels in Krabi » Find cheap, unique hostels » Hostelworld[0m
  [2mhttps://www.hostelworld.com/pwa/s?q=Krabi,%20Thailand&country=Thailand&city=Krabi&type=city&id=1124&from=2026-01-31&to=2026-02-01&guests=1&page=1[0m
[2026-01-27 17:47:10] Waiting for page load...
[2026-01-27 17:47:13] Changing currency to THB...
[32m✓[0m Done
[32m✓[0m Done
[2026-01-27 17:47:19] Extracting hostel data...
[2026-01-27 17:47:19] Data saved to /home/desktop/clawd/logs/hostelworld/extracted-data.json
[2026-01-27 17:47:19] Closing browser...
[32m✓[0m Browser closed
[2026-01-27 17:47:19] Message prepared
[2026-01-27 17:47:19] Total hostels: 30
[2026-01-27 17:47:19] Nomads: Rank #26, THB 1260
[2026-01-27 17:47:19] Base: Rank #23, THB 1215
[2026-01-27 17:47:19] Message saved to /home/desktop/clawd/logs/hostelworld/message.txt
[2026-01-27 17:47:19] Message ready for delivery
[2026-01-27 17:47:19] ✓ Monitoring complete
[2026-01-27 17:48:24] Starting Hostelworld monitoring...
[2026-01-27 17:48:24] Search dates: 2026-01-31 to 2026-02-01
[2026-01-27 17:48:24] Opening Hostelworld...
[32m✓[0m [1mHostels in Krabi » Find cheap, unique hostels » Hostelworld[0m
  [2mhttps://www.hostelworld.com/pwa/s?q=Krabi,%20Thailand&country=Thailand&city=Krabi&type=city&id=1124&from=2026-01-31&to=2026-02-01&guests=1&page=1[0m
[2026-01-27 17:48:28] Waiting for page load...
[2026-01-27 17:48:31] Changing currency to THB...
[32m✓[0m Done
[32m✓[0m Done
[2026-01-27 17:48:35] Extracting hostel data...
[2026-01-27 17:48:35] Data saved to /home/desktop/clawd/logs/hostelworld/extracted-data.json
[2026-01-27 17:48:35] Closing browser...
[32m✓[0m Browser closed
[2026-01-27 17:48:35] Message prepared
[2026-01-27 17:48:35] Total hostels: 30
[2026-01-27 17:48:35] Nomads: Rank #26, THB 1260
[2026-01-27 17:48:35] Base: Rank #23, THB 1215
[2026-01-27 17:48:35] Message saved to /home/desktop/clawd/logs/hostelworld/message.txt
[2026-01-27 17:48:35] Sending message to Trevor...
[2026-01-27 17:49:28] Starting Hostelworld monitoring...
[2026-01-27 17:49:28] Search dates: 2026-01-31 to 2026-02-01
[2026-01-27 17:49:28] Opening Hostelworld...
[32m✓[0m [1mHostels in Krabi » Find cheap, unique hostels » Hostelworld[0m
  [2mhttps://www.hostelworld.com/pwa/s?q=Krabi,%20Thailand&country=Thailand&city=Krabi&type=city&id=1124&from=2026-01-31&to=2026-02-01&guests=1&page=1[0m
[2026-01-27 17:49:30] Waiting for page load...
[2026-01-27 17:49:33] Changing currency to THB...
[32m✓[0m Done
[32m✓[0m Done
[2026-01-27 17:49:39] Extracting hostel data...
[2026-01-27 17:49:39] Data saved to /home/desktop/clawd/logs/hostelworld/extracted-data.json
[2026-01-27 17:49:39] Closing browser...
[32m✓[0m Browser closed
[2026-01-27 17:49:39] Message prepared
[2026-01-27 17:49:39] Total hostels: 30
[2026-01-27 17:49:39] Nomads: Rank #26, THB 1260
[2026-01-27 17:49:39] Base: Rank #23, THB 1215
[2026-01-27 17:49:39] Message saved to /home/desktop/clawd/logs/hostelworld/message.txt
[2026-01-27 17:49:39] Sending message to @trevordixon...
Error: Telegram send failed: chat not found (chat_id=@trevordixon). Likely: bot not started in DM, bot removed from group/channel, group migrated (new -100… id), or wrong bot token. Input was: "telegram:@trevordixon".
[2026-01-27 17:49:45] ERROR: Failed to send message
[2026-01-27 17:51:00] Starting Hostelworld monitoring...
[2026-01-27 17:51:00] Search dates: 2026-01-31 to 2026-02-01
[2026-01-27 17:51:00] Opening Hostelworld...
[32m✓[0m [1mHostels in Krabi » Find cheap, unique hostels » Hostelworld[0m
  [2mhttps://www.hostelworld.com/pwa/s?q=Krabi,%20Thailand&country=Thailand&city=Krabi&type=city&id=1124&from=2026-01-31&to=2026-02-01&guests=1&page=1[0m
[2026-01-27 17:51:02] Waiting for page load...
[2026-01-27 17:51:05] Changing currency to THB...
[32m✓[0m Done
[32m✓[0m Done
[2026-01-27 17:51:10] Extracting hostel data...
[2026-01-27 17:51:10] Data saved to /home/desktop/clawd/logs/hostelworld/extracted-data.json
[2026-01-27 17:51:10] Closing browser...
[32m✓[0m Browser closed
[2026-01-27 17:51:10] Message prepared
[2026-01-27 17:51:10] Total hostels: 30
[2026-01-27 17:51:10] Nomads: Rank #26, THB 1260
[2026-01-27 17:51:10] Base: Rank #23, THB 1215
[2026-01-27 17:51:10] Message saved to /home/desktop/clawd/logs/hostelworld/message.txt
[2026-01-27 17:51:10] ✓ Monitoring complete
[2026-01-27 17:58:59] Starting Hostelworld monitoring...
[2026-01-27 17:58:59] Search dates: 2026-01-31 to 2026-02-01
[2026-01-27 17:58:59] Opening Hostelworld...
[32m✓[0m [1mHostels in Krabi » Find cheap, unique hostels » Hostelworld[0m
  [2mhttps://www.hostelworld.com/pwa/s?q=Krabi,%20Thailand&country=Thailand&city=Krabi&type=city&id=1124&from=2026-01-31&to=2026-02-01&guests=1&page=1[0m
[2026-01-27 17:59:01] Waiting for page load...
[2026-01-27 17:59:04] Changing currency to THB...
[32m✓[0m Done
[32m✓[0m Done
[2026-01-27 17:59:09] Extracting hostel data...
[2026-01-27 17:59:09] Data saved to /home/desktop/clawd/logs/hostelworld/extracted-data.json
[2026-01-27 17:59:09] Closing browser...
[32m✓[0m Browser closed
[2026-01-27 17:59:09] Message prepared
[2026-01-27 17:59:09] Total hostels: 30
[2026-01-27 17:59:09] Nomads: Rank #26, THB 1260
[2026-01-27 17:59:09] Base: Rank #23, THB 1215
[2026-01-27 17:59:09] Message saved to /home/desktop/clawd/logs/hostelworld/message.txt
[2026-01-27 17:59:09] ✓ Monitoring complete
[2026-01-27 18:05:49] Starting Hostelworld monitoring...
[2026-01-27 18:05:49] Search dates: 2026-01-31 to 2026-02-01
[2026-01-27 18:05:49] Opening Hostelworld...
[32m✓[0m [1mHostels in Krabi » Find cheap, unique hostels » Hostelworld[0m
  [2mhttps://www.hostelworld.com/pwa/s?q=Krabi,%20Thailand&country=Thailand&city=Krabi&type=city&id=1124&from=2026-01-31&to=2026-02-01&guests=1&page=1[0m
[2026-01-27 18:05:52] Waiting for page load...
[2026-01-27 18:05:55] Changing currency to THB...
[32m✓[0m Done
[32m✓[0m Done
[2026-01-27 18:06:00] Extracting hostel data...
[2026-01-27 18:06:00] Data saved to /home/desktop/clawd/logs/hostelworld/extracted-data.json
[2026-01-27 18:06:00] Closing browser...
[32m✓[0m Browser closed
[2026-01-27 18:06:00] Message prepared
[2026-01-27 18:06:00] Total hostels: 30
[2026-01-27 18:06:00] Nomads: Rank #2, THB 1260
[2026-01-27 18:06:00] Base: Rank #4, THB 1215
[2026-01-27 18:06:00] Message saved to /home/desktop/clawd/logs/hostelworld/message.txt
[2026-01-27 18:06:00] ✓ Monitoring complete
